// Jest Snapshot v1, https://goo.gl/fbAQLP

exports[`NotFoundComponent should do a snapshot test 1`] = `
<div
  id="root1"
>
  <div
    class="not-found"
  >
    <h1>
      <fa-icon
        class="ng-fa-icon"
      />
       
      <span
        class="four-oh-four"
      >
        404
      </span>
       Not found 
      <fa-icon
        class="ng-fa-icon"
      />
    </h1>
    <h4>
      
    </h4>
    <span>
      That's an error.
    </span>
  </div>
</div>
`;
