// Jest Snapshot v1, https://goo.gl/fbAQLP

exports[`HeaderComponent should check the UI should be consistent 1`] = `
<div
  id="root5"
>
  <nav>
    <div
      class="nav-links"
    >
      <a
        class="nav-links__link__margin"
        data-qa="qa-home-link"
        routerlink="/"
      >
        <fa-icon
          class="ng-fa-icon"
        />
        <span
          class="nav-links__text__hide-for-mobile"
        >
          Home
        </span>
      </a>
      <a
        class="nav-links__link__margin"
        data-qa="qa-resume-link"
        routerlink="/resume"
      >
        <fa-icon
          class="ng-fa-icon"
        />
        <span
          class="nav-links__text__hide-for-mobile"
        >
          Resume
        </span>
      </a>
      <a
        class="nav-links__link__margin"
        data-qa="qa-photography-link"
        routerlink="/photography"
      >
        <fa-icon
          class="ng-fa-icon"
        />
        <span
          class="nav-links__text__hide-for-mobile"
        >
          Photography
        </span>
      </a>
      <a
        class="nav-links__link__margin"
        data-qa="qa-converter-link"
        routerlink="/converter"
      >
        <fa-icon
          class="ng-fa-icon"
        />
        <span
          class="nav-links__text__hide-for-mobile"
        >
          BTC Calculator
        </span>
      </a>
      <a
        class="nav-links__link__margin"
        data-qa="qa-table-link"
        routerlink="/utils"
      >
        <fa-icon
          class="ng-fa-icon"
        />
        <span
          class="nav-links__text__hide-for-mobile"
        >
          Copycat mocking
        </span>
      </a>
    </div>
    <div
      class="social-media"
    >
      <a
        class="social-media__link__font-size social-media__link__margin"
        data-qa="qa-twitter-link"
        href="https://www.twitter.com/KENIII26"
        rel="noreferrer noopener"
        target="_blank"
      >
        <fa-icon
          class="ng-fa-icon"
        />
      </a>
      <a
        class="social-media__link__font-size social-media__link__margin"
        data-qa="qa-github-link"
        href="https://www.github.com/kennylai360"
        rel="noreferrer noopener"
        target="_blank"
      >
        <fa-icon
          class="ng-fa-icon"
        />
      </a>
    </div>
  </nav>
</div>
`;
